{
  "condition": {
    "identifier": "a",
    "position": {
      "column": 3,
      "line": 1
    }
  },
  "thenBlock": [
    {
      "functionName": "println",
      "arguments": [
        {
          "value": "'hola'",
          "position": {
            "column": 14,
            "line": 1
          }
        }
      ],
      "position": {
        "column": 6,
        "line": 1
      }
    }
  ],
  "position": {
    "column": 0,
    "line": 1
  }
}