{
  "declarator": "const",
  "typeDeclarationExpression": {
    "type": "string",
    "position": {
      "column": 8,
      "line": 1
    }
  },
  "assignmentStatement": {
    "identifier": {
      "identifier": "a",
      "position": {
        "column": 6,
        "line": 1
      }
    },
    "equalOperand": "\u003d",
    "value": {
      "value": "hola",
      "position": {
        "column": 15,
        "line": 1
      }
    },
    "position": {
      "column": 14,
      "line": 1
    }
  },
  "position": {
    "column": 0,
    "line": 1
  }
}