{
  "identifier": {
    "identifier": "a",
    "position": {
      "column": 0,
      "line": 1
    }
  },
  "equalOperand": "\u003d",
  "value": {
    "left": {
      "left": {
        "value": 12.0,
        "position": {
          "column": 6,
          "line": 1
        }
      },
      "operator": "+",
      "right": {
        "value": 2.0,
        "position": {
          "column": 11,
          "line": 1
        }
      },
      "position": {
        "column": 9,
        "line": 1
      }
    },
    "operator": "*",
    "right": {
      "value": 2.0,
      "position": {
        "column": 17,
        "line": 1
      }
    },
    "position": {
      "column": 15,
      "line": 1
    }
  },
  "position": {
    "column": 2,
    "line": 1
  }
}